/root/projects/QASMBench/small//hs4_n4/hs4_n4.qasm,/root/projects/QASMBench/small//lpn_n5/lpn_n5.qasm
/root/projects/QASMBench/small//simon_n6/simon_n6.qasm,/root/projects/QASMBench/small//qrng_n4/qrng_n4.qasm
/root/projects/QASMBench/small//hs4_n4/hs4_n4.qasm,/root/projects/QASMBench/small//basis_trotter_n4/basis_trotter_n4.qasm
/root/projects/QASMBench/small//teleportation_n3/teleportation_n3.qasm,/root/projects/QASMBench/small//linearsolver_n3/linearsolver_n3.qasm
/root/projects/QASMBench/small//teleportation_n3/teleportation_n3.qasm,/root/projects/QASMBench/small//error_correctiond3_n5/error_correctiond3_n5.qasm
/root/projects/QASMBench/small//bb84_n8/bb84_n8.qasm,/root/projects/QASMBench/small//lpn_n5/lpn_n5.qasm
/root/projects/QASMBench/small//cat_state_n4/cat_state_n4.qasm,/root/projects/QASMBench/small//qft_n4/qft_n4.qasm
/root/projects/QASMBench/small//linearsolver_n3/linearsolver_n3.qasm,/root/projects/QASMBench/small//qaoa_n3/qaoa_n3.qasm
/root/projects/QASMBench/small//qrng_n4/qrng_n4.qasm,/root/projects/QASMBench/small//iswap_n2/iswap_n2.qasm
/root/projects/QASMBench/small//hhl_n10/hhl_n10.qasm,/root/projects/QASMBench/small//bb84_n8/bb84_n8.qasm
/root/projects/QASMBench/small//deutsch_n2/deutsch_n2.qasm,/root/projects/QASMBench/small//quantumwalks_n2/quantumwalks_n2.qasm
/root/projects/QASMBench/small//qrng_n4/qrng_n4.qasm,/root/projects/QASMBench/small//deutsch_n2/deutsch_n2.qasm
/root/projects/QASMBench/small//error_correctiond3_n5/error_correctiond3_n5.qasm,/root/projects/QASMBench/small//ipea_n2/ipea_n2.qasm
/root/projects/QASMBench/small//error_correctiond3_n5/error_correctiond3_n5.qasm,/root/projects/QASMBench/small//basis_change_n3/basis_change_n3.qasm
/root/projects/QASMBench/small//qec_sm_n5/qec_sm_n5.qasm,/root/projects/QASMBench/small//bb84_n8/bb84_n8.qasm
/root/projects/QASMBench/small//ipea_n2/ipea_n2.qasm,/root/projects/QASMBench/small//teleportation_n3/teleportation_n3.qasm
/root/projects/QASMBench/small//adder_n10/adder_n10.qasm,/root/projects/QASMBench/small//qec_en_n5/qec_en_n5.qasm
/root/projects/QASMBench/small//bell_n4/bell_n4.qasm,/root/projects/QASMBench/small//pea_n5/pea_n5.qasm
/root/projects/QASMBench/small//qaoa_n6/qaoa_n6.qasm,/root/projects/QASMBench/small//qrng_n4/qrng_n4.qasm
/root/projects/QASMBench/small//lpn_n5/lpn_n5.qasm,/root/projects/QASMBench/small//qpe_n9/qpe_n9.qasm
