/root/projects/QASMBench/medium/bigadder_n18/bigadder_n18.qasm
/root/projects/QASMBench/medium/bv_n14/bv_n14.qasm
/root/projects/QASMBench/medium/bv_n19/bv_n19.qasm
/root/projects/QASMBench/medium/cat_state_n22/cat_state_n22.qasm
/root/projects/QASMBench/medium/cc_n12/cc_n12.qasm
/root/projects/QASMBench/medium/dnn_n16/dnn_n16.qasm
/root/projects/QASMBench/medium/ghz_state_n23/ghz_state_n23.qasm
/root/projects/QASMBench/medium/ising_n26/ising_n26.qasm
/root/projects/QASMBench/medium/knn_n25/knn_n25.qasm
/root/projects/QASMBench/medium/multiplier_n15/multiplier_n15.qasm
/root/projects/QASMBench/medium/multiply_n13/multiply_n13.qasm
/root/projects/QASMBench/medium/qec9xz_n17/qec9xz_n17.qasm
/root/projects/QASMBench/medium/qf21_n15/qf21_n15.qasm
/root/projects/QASMBench/medium/qft_n18/qft_n18.qasm
/root/projects/QASMBench/medium/qram_n20/qram_n20.qasm
/root/projects/QASMBench/medium/sat_n11/sat_n11.qasm
/root/projects/QASMBench/medium/seca_n11/seca_n11.qasm
/root/projects/QASMBench/medium/square_root_n18/square_root_n18.qasm
/root/projects/QASMBench/medium/swap_test_n25/swap_test_n25.qasm
/root/projects/QASMBench/medium/wstate_n27/wstate_n27.qasm
